// Jest Snapshot v1, https://goo.gl/fbAQLP

exports[`Options Exec should work Exec - {Boolean}: css 1`] = `
"a {
    color: green
}"
`;

exports[`Options Exec should work Exec - {Boolean}: errors 1`] = `Array []`;

exports[`Options Exec should work Exec - {Boolean}: warnings 1`] = `Array []`;

exports[`Options Exec should work JSS - {String}: css 1`] = `
"{ a: { color: 'yellow' } }
"
`;

exports[`Options Exec should work JSS - {String}: errors 1`] = `Array []`;

exports[`Options Exec should work JSS - {String}: warnings 1`] = `Array []`;
