// Jest Snapshot v1, https://goo.gl/fbAQLP

exports[`Options Plugins should disables plugin from config: css 1`] = `
"a {
  -x-border-color: blue blue *;
  -x-color: * #fafafa;
}
"
`;

exports[`Options Plugins should disables plugin from config: errors 1`] = `Array []`;

exports[`Options Plugins should disables plugin from config: warnings 1`] = `Array []`;

exports[`Options Plugins should emit error on load plugin: errors 1`] = `
Array [
  "ModuleBuildError: Module build failed (from \`replaced original path\`):
TypeError: Cannot read property 'postcss' of undefined",
  "ModuleError: Module Error (from \`replaced original path\`):
Loading PostCSS Plugin failed: Cannot find module 'postcss-unresolved' from 'src/utils.js'",
]
`;

exports[`Options Plugins should emit error on load plugin: warnings 1`] = `Array []`;

exports[`Options Plugins should work Plugins - {Array<Object>} + options: css 1`] = `
"a {
  border-top-color: blue;
  border-right-color: blue;
  border-left-color: blue;
  background-color: #fafafa;
}
"
`;

exports[`Options Plugins should work Plugins - {Array<Object>} + options: errors 1`] = `Array []`;

exports[`Options Plugins should work Plugins - {Array<Object>} + options: warnings 1`] = `Array []`;

exports[`Options Plugins should work Plugins - {Array}: css 1`] = `
"a { color: rgba(255, 0, 0, 1.0) }
"
`;

exports[`Options Plugins should work Plugins - {Array}: errors 1`] = `Array []`;

exports[`Options Plugins should work Plugins - {Array}: warnings 1`] = `Array []`;

exports[`Options Plugins should work Plugins - {Function} - {Array}: css 1`] = `
"a { color: rgba(255, 0, 0, 1.0) }
"
`;

exports[`Options Plugins should work Plugins - {Function} - {Array}: errors 1`] = `Array []`;

exports[`Options Plugins should work Plugins - {Function} - {Array}: warnings 1`] = `Array []`;

exports[`Options Plugins should work Plugins - {Function} - {Object}: css 1`] = `
"a { color: rgba(255, 0, 0, 1.0) }
"
`;

exports[`Options Plugins should work Plugins - {Function} - {Object}: errors 1`] = `Array []`;

exports[`Options Plugins should work Plugins - {Function} - {Object}: warnings 1`] = `Array []`;

exports[`Options Plugins should work Plugins - {Object without require} + options: css 1`] = `
"a {
  border-top-color: blue;
  border-right-color: blue;
  border-left-color: blue;
  background-color: #fafafa;
}
"
`;

exports[`Options Plugins should work Plugins - {Object without require} + options: errors 1`] = `Array []`;

exports[`Options Plugins should work Plugins - {Object without require} + options: warnings 1`] = `Array []`;

exports[`Options Plugins should work Plugins - {Object without require}: css 1`] = `
"a { color: rgba(255, 0, 0, 1.0) }
"
`;

exports[`Options Plugins should work Plugins - {Object without require}: errors 1`] = `Array []`;

exports[`Options Plugins should work Plugins - {Object without require}: warnings 1`] = `Array []`;

exports[`Options Plugins should work Plugins - {Object} + options: css 1`] = `
"a {
  border-top-color: blue;
  border-right-color: blue;
  border-left-color: blue;
  background-color: #fafafa;
}
"
`;

exports[`Options Plugins should work Plugins - {Object} + options: errors 1`] = `Array []`;

exports[`Options Plugins should work Plugins - {Object} + options: warnings 1`] = `Array []`;

exports[`Options Plugins should work Plugins - {Object}: css 1`] = `
"a { color: rgba(255, 0, 0, 1.0) }
"
`;

exports[`Options Plugins should work Plugins - {Object}: errors 1`] = `Array []`;

exports[`Options Plugins should work Plugins - {Object}: warnings 1`] = `Array []`;

exports[`Options Plugins should work Plugins - {empty Object}: css 1`] = `
"a { color: rgba(255, 0, 0, 1.0) }
"
`;

exports[`Options Plugins should work Plugins - {empty Object}: errors 1`] = `Array []`;

exports[`Options Plugins should work Plugins - {empty Object}: warnings 1`] = `Array []`;
