// Jest Snapshot v1, https://goo.gl/fbAQLP

exports[`Options Stringifier should emit error Stringifier: errors 1`] = `
Array [
  "ModuleBuildError: Module build failed (from \`replaced original path\`):
TypeError: this.stringify is not a function",
  "ModuleError: Module Error (from \`replaced original path\`):
(Emitted value instead of an instance of Error) Loading PostCSS Stringifier failed: Cannot find module 'unresolved' from 'src/index.js'",
]
`;

exports[`Options Stringifier should emit error Stringifier: warnings 1`] = `Array []`;

exports[`Options Stringifier should work Stringifier - {Function}: css 1`] = `
"<pre class=\\"midas\\"><code><span class=\\"midas__selector\\"><span class=\\"midas__tag\\">a</span></span> <span class=\\"midas__brace\\">{</span> <span class=\\"midas__property\\">color</span><span class=\\"midas__colon\\">: </span><span class=\\"midas__value\\"><span class=\\"midas__word\\">black</span></span> <span class=\\"midas__brace\\">}</span>
</code></pre>"
`;

exports[`Options Stringifier should work Stringifier - {Function}: errors 1`] = `Array []`;

exports[`Options Stringifier should work Stringifier - {Function}: warnings 1`] = `Array []`;

exports[`Options Stringifier should work Stringifier - {Object}: css 1`] = `
"a  color: black
"
`;

exports[`Options Stringifier should work Stringifier - {Object}: errors 1`] = `Array []`;

exports[`Options Stringifier should work Stringifier - {Object}: warnings 1`] = `Array []`;

exports[`Options Stringifier should work Stringifier - {String}: css 1`] = `
"a  color: black
"
`;

exports[`Options Stringifier should work Stringifier - {String}: errors 1`] = `Array []`;

exports[`Options Stringifier should work Stringifier - {String}: warnings 1`] = `Array []`;
