// Jest Snapshot v1, https://goo.gl/fbAQLP

exports[`Options Syntax should work Syntax - {Object}: css 1`] = `
"a
  color: black
"
`;

exports[`Options Syntax should work Syntax - {Object}: errors 1`] = `Array []`;

exports[`Options Syntax should work Syntax - {Object}: warnings 1`] = `Array []`;

exports[`Options Syntax should work Syntax - {String}: css 1`] = `
"a
  color: black
"
`;

exports[`Options Syntax should work Syntax - {String}: errors 1`] = `Array []`;

exports[`Options Syntax should work Syntax - {String}: warnings 1`] = `Array []`;
