// Jest Snapshot v1, https://goo.gl/fbAQLP

exports[`Loader Default 1`] = `"module.exports = \\"a { color: black }\\\\n\\""`;
