// Jest Snapshot v1, https://goo.gl/fbAQLP

exports[`"sourceMap" option should generate inline source maps when the "devtool" is "false": css 1`] = `
"a {
  color: black;
}

a {
  color: red;
}

a {
  color: green;
}

a {
  color: blue;
}

.class {
  -x-border-color: blue blue *;
  -x-color: * #fafafa;
}

.class-foo {
  -z-border-color: blue blue *;
  -z-color: * #fafafa;
}

.phone {
  &_title {
    width: 500px;

    @media (max-width: 500px) {
      width: auto;
    }

    body.is_dark & {
      color: white;
    }
  }

  img {
    display: block;
  }
}

/*# sourceMappingURL=data:application/json;base64,eyJ2ZXJzaW9uIjozLCJzb3VyY2VzIjpbInN0eWxlLmNzcyJdLCJuYW1lcyI6W10sIm1hcHBpbmdzIjoiQUFBQTtFQUNFLFlBQVk7QUFDZDs7QUFFQTtFQUNFLFVBQVU7QUFDWjs7QUFFQTtFQUNFLFlBQVk7QUFDZDs7QUFFQTtFQUNFLFdBQVc7QUFDYjs7QUFFQTtFQUNFLDRCQUE0QjtFQUM1QixtQkFBbUI7QUFDckI7O0FBRUE7RUFDRSw0QkFBNEI7RUFDNUIsbUJBQW1CO0FBQ3JCOztBQUVBO0VBQ0U7SUFDRSxZQUFZOztJQUVaO01BQ0UsV0FBVztJQUNiOztJQUVBO01BQ0UsWUFBWTtJQUNkO0VBQ0Y7O0VBRUE7SUFDRSxjQUFjO0VBQ2hCO0FBQ0YiLCJmaWxlIjoic3R5bGUuY3NzIiwic291cmNlc0NvbnRlbnQiOlsiYSB7XG4gIGNvbG9yOiBibGFjaztcbn1cblxuYSB7XG4gIGNvbG9yOiByZWQ7XG59XG5cbmEge1xuICBjb2xvcjogZ3JlZW47XG59XG5cbmEge1xuICBjb2xvcjogYmx1ZTtcbn1cblxuLmNsYXNzIHtcbiAgLXgtYm9yZGVyLWNvbG9yOiBibHVlIGJsdWUgKjtcbiAgLXgtY29sb3I6ICogI2ZhZmFmYTtcbn1cblxuLmNsYXNzLWZvbyB7XG4gIC16LWJvcmRlci1jb2xvcjogYmx1ZSBibHVlICo7XG4gIC16LWNvbG9yOiAqICNmYWZhZmE7XG59XG5cbi5waG9uZSB7XG4gICZfdGl0bGUge1xuICAgIHdpZHRoOiA1MDBweDtcblxuICAgIEBtZWRpYSAobWF4LXdpZHRoOiA1MDBweCkge1xuICAgICAgd2lkdGg6IGF1dG87XG4gICAgfVxuXG4gICAgYm9keS5pc19kYXJrICYge1xuICAgICAgY29sb3I6IHdoaXRlO1xuICAgIH1cbiAgfVxuXG4gIGltZyB7XG4gICAgZGlzcGxheTogYmxvY2s7XG4gIH1cbn1cbiJdfQ== */"
`;

exports[`"sourceMap" option should generate inline source maps when the "devtool" is "false": errors 1`] = `Array []`;

exports[`"sourceMap" option should generate inline source maps when the "devtool" is "false": warnings 1`] = `Array []`;

exports[`"sourceMap" option should generate inline source maps when the "devtool" is "true": css 1`] = `
"a {
  color: black;
}

a {
  color: red;
}

a {
  color: green;
}

a {
  color: blue;
}

.class {
  -x-border-color: blue blue *;
  -x-color: * #fafafa;
}

.class-foo {
  -z-border-color: blue blue *;
  -z-color: * #fafafa;
}

.phone {
  &_title {
    width: 500px;

    @media (max-width: 500px) {
      width: auto;
    }

    body.is_dark & {
      color: white;
    }
  }

  img {
    display: block;
  }
}

/*# sourceMappingURL=data:application/json;base64,eyJ2ZXJzaW9uIjozLCJzb3VyY2VzIjpbInN0eWxlLmNzcyJdLCJuYW1lcyI6W10sIm1hcHBpbmdzIjoiQUFBQTtFQUNFLFlBQVk7QUFDZDs7QUFFQTtFQUNFLFVBQVU7QUFDWjs7QUFFQTtFQUNFLFlBQVk7QUFDZDs7QUFFQTtFQUNFLFdBQVc7QUFDYjs7QUFFQTtFQUNFLDRCQUE0QjtFQUM1QixtQkFBbUI7QUFDckI7O0FBRUE7RUFDRSw0QkFBNEI7RUFDNUIsbUJBQW1CO0FBQ3JCOztBQUVBO0VBQ0U7SUFDRSxZQUFZOztJQUVaO01BQ0UsV0FBVztJQUNiOztJQUVBO01BQ0UsWUFBWTtJQUNkO0VBQ0Y7O0VBRUE7SUFDRSxjQUFjO0VBQ2hCO0FBQ0YiLCJmaWxlIjoic3R5bGUuY3NzIiwic291cmNlc0NvbnRlbnQiOlsiYSB7XG4gIGNvbG9yOiBibGFjaztcbn1cblxuYSB7XG4gIGNvbG9yOiByZWQ7XG59XG5cbmEge1xuICBjb2xvcjogZ3JlZW47XG59XG5cbmEge1xuICBjb2xvcjogYmx1ZTtcbn1cblxuLmNsYXNzIHtcbiAgLXgtYm9yZGVyLWNvbG9yOiBibHVlIGJsdWUgKjtcbiAgLXgtY29sb3I6ICogI2ZhZmFmYTtcbn1cblxuLmNsYXNzLWZvbyB7XG4gIC16LWJvcmRlci1jb2xvcjogYmx1ZSBibHVlICo7XG4gIC16LWNvbG9yOiAqICNmYWZhZmE7XG59XG5cbi5waG9uZSB7XG4gICZfdGl0bGUge1xuICAgIHdpZHRoOiA1MDBweDtcblxuICAgIEBtZWRpYSAobWF4LXdpZHRoOiA1MDBweCkge1xuICAgICAgd2lkdGg6IGF1dG87XG4gICAgfVxuXG4gICAgYm9keS5pc19kYXJrICYge1xuICAgICAgY29sb3I6IHdoaXRlO1xuICAgIH1cbiAgfVxuXG4gIGltZyB7XG4gICAgZGlzcGxheTogYmxvY2s7XG4gIH1cbn1cbiJdfQ== */"
`;

exports[`"sourceMap" option should generate inline source maps when the "devtool" is "true": errors 1`] = `Array []`;

exports[`"sourceMap" option should generate inline source maps when the "devtool" is "true": warnings 1`] = `Array []`;

exports[`"sourceMap" option should generate source maps using the "postcssOptions.map" option with "true" value and previous loader returns source maps ("sass-loader"): css 1`] = `
"a {
  color: coral;
}
/*# sourceMappingURL=data:application/json;base64,eyJ2ZXJzaW9uIjozLCJzb3VyY2VzIjpbInN0eWxlLnNjc3MiXSwibmFtZXMiOltdLCJtYXBwaW5ncyI6IkFBQUE7RUFBSSxZQUFBO0FBRUoiLCJmaWxlIjoic3R5bGUuc2NzcyIsInNvdXJjZXNDb250ZW50IjpbImEgeyBjb2xvcjogY29yYWwgfVxuIl19 */"
`;

exports[`"sourceMap" option should generate source maps using the "postcssOptions.map" option with "true" value and previous loader returns source maps ("sass-loader"): errors 1`] = `Array []`;

exports[`"sourceMap" option should generate source maps using the "postcssOptions.map" option with "true" value and previous loader returns source maps ("sass-loader"): warnings 1`] = `Array []`;

exports[`"sourceMap" option should generate source maps using the "postcssOptions.map" option with values and previous loader returns source maps ("sass-loader"): css 1`] = `
"a {
  color: coral;
}
/*# sourceMappingURL=style.scss.map */"
`;

exports[`"sourceMap" option should generate source maps using the "postcssOptions.map" option with values and previous loader returns source maps ("sass-loader"): errors 1`] = `Array []`;

exports[`"sourceMap" option should generate source maps using the "postcssOptions.map" option with values and previous loader returns source maps ("sass-loader"): source map 1`] = `
Object {
  "file": "style.scss",
  "mappings": "AAAA;EAAI,YAAA;AAEJ",
  "names": Array [],
  "sourceRoot": "",
  "sources": Array [
    "style.scss",
  ],
  "sourcesContent": Array [
    "a { color: coral }
",
  ],
  "version": 3,
}
`;

exports[`"sourceMap" option should generate source maps using the "postcssOptions.map" option with values and previous loader returns source maps ("sass-loader"): warnings 1`] = `Array []`;

exports[`"sourceMap" option should generate source maps when previous loader returns source maps ("less-loader"): css 1`] = `
"a {
  color: coral;
}
"
`;

exports[`"sourceMap" option should generate source maps when previous loader returns source maps ("less-loader"): errors 1`] = `Array []`;

exports[`"sourceMap" option should generate source maps when previous loader returns source maps ("less-loader"): source map 1`] = `
Object {
  "mappings": "AAAA;EAAI,YAAA;AAEJ",
  "names": Array [],
  "sourceRoot": "",
  "sources": Array [
    "less/style.less",
  ],
  "sourcesContent": Array [
    "a { color: coral }
",
  ],
  "version": 3,
}
`;

exports[`"sourceMap" option should generate source maps when previous loader returns source maps ("less-loader"): warnings 1`] = `Array []`;

exports[`"sourceMap" option should generate source maps when previous loader returns source maps ("sass-loader"): css 1`] = `
"a {
  color: coral;
}"
`;

exports[`"sourceMap" option should generate source maps when previous loader returns source maps ("sass-loader"): errors 1`] = `Array []`;

exports[`"sourceMap" option should generate source maps when previous loader returns source maps ("sass-loader"): source map 1`] = `
Object {
  "mappings": "AAAA;EAAI,YAAA;AAEJ",
  "names": Array [],
  "sourceRoot": "",
  "sources": Array [
    "scss/style.scss",
  ],
  "sourcesContent": Array [
    "a { color: coral }
",
  ],
  "version": 3,
}
`;

exports[`"sourceMap" option should generate source maps when previous loader returns source maps ("sass-loader"): warnings 1`] = `Array []`;

exports[`"sourceMap" option should generate source maps when value is not specified and the "devtool" with "source-map" value: css 1`] = `
"a {
  color: black;
}

a {
  color: red;
}

a {
  color: green;
}

a {
  color: blue;
}

.class {
  -x-border-color: blue blue *;
  -x-color: * #fafafa;
}

.class-foo {
  -z-border-color: blue blue *;
  -z-color: * #fafafa;
}

.phone {
  &_title {
    width: 500px;

    @media (max-width: 500px) {
      width: auto;
    }

    body.is_dark & {
      color: white;
    }
  }

  img {
    display: block;
  }
}
"
`;

exports[`"sourceMap" option should generate source maps when value is not specified and the "devtool" with "source-map" value: errors 1`] = `Array []`;

exports[`"sourceMap" option should generate source maps when value is not specified and the "devtool" with "source-map" value: source map 1`] = `
Object {
  "mappings": "AAAA;EACE,YAAY;AACd;;AAEA;EACE,UAAU;AACZ;;AAEA;EACE,YAAY;AACd;;AAEA;EACE,WAAW;AACb;;AAEA;EACE,4BAA4B;EAC5B,mBAAmB;AACrB;;AAEA;EACE,4BAA4B;EAC5B,mBAAmB;AACrB;;AAEA;EACE;IACE,YAAY;;IAEZ;MACE,WAAW;IACb;;IAEA;MACE,YAAY;IACd;EACF;;EAEA;IACE,cAAc;EAChB;AACF",
  "names": Array [],
  "sourceRoot": "",
  "sources": Array [
    "css/style.css",
  ],
  "sourcesContent": Array [
    "a {
  color: black;
}

a {
  color: red;
}

a {
  color: green;
}

a {
  color: blue;
}

.class {
  -x-border-color: blue blue *;
  -x-color: * #fafafa;
}

.class-foo {
  -z-border-color: blue blue *;
  -z-color: * #fafafa;
}

.phone {
  &_title {
    width: 500px;

    @media (max-width: 500px) {
      width: auto;
    }

    body.is_dark & {
      color: white;
    }
  }

  img {
    display: block;
  }
}
",
  ],
  "version": 3,
}
`;

exports[`"sourceMap" option should generate source maps when value is not specified and the "devtool" with "source-map" value: warnings 1`] = `Array []`;

exports[`"sourceMap" option should generate source maps with "false" value, but the "postcssOptions.map" has values: css 1`] = `
"a {
  color: black;
}

a {
  color: red;
}

a {
  color: green;
}

a {
  color: blue;
}

.class {
  -x-border-color: blue blue *;
  -x-color: * #fafafa;
}

.class-foo {
  -z-border-color: blue blue *;
  -z-color: * #fafafa;
}

.phone {
  &_title {
    width: 500px;

    @media (max-width: 500px) {
      width: auto;
    }

    body.is_dark & {
      color: white;
    }
  }

  img {
    display: block;
  }
}
"
`;

exports[`"sourceMap" option should generate source maps with "false" value, but the "postcssOptions.map" has values: errors 1`] = `Array []`;

exports[`"sourceMap" option should generate source maps with "false" value, but the "postcssOptions.map" has values: source map 1`] = `
Object {
  "file": "style.css",
  "mappings": "AAAA;EACE,YAAY;AACd;;AAEA;EACE,UAAU;AACZ;;AAEA;EACE,YAAY;AACd;;AAEA;EACE,WAAW;AACb;;AAEA;EACE,4BAA4B;EAC5B,mBAAmB;AACrB;;AAEA;EACE,4BAA4B;EAC5B,mBAAmB;AACrB;;AAEA;EACE;IACE,YAAY;;IAEZ;MACE,WAAW;IACb;;IAEA;MACE,YAAY;IACd;EACF;;EAEA;IACE,cAAc;EAChB;AACF",
  "names": Array [],
  "sourceRoot": "",
  "sources": Array [
    "style.css",
  ],
  "sourcesContent": Array [
    "a {
  color: black;
}

a {
  color: red;
}

a {
  color: green;
}

a {
  color: blue;
}

.class {
  -x-border-color: blue blue *;
  -x-color: * #fafafa;
}

.class-foo {
  -z-border-color: blue blue *;
  -z-color: * #fafafa;
}

.phone {
  &_title {
    width: 500px;

    @media (max-width: 500px) {
      width: auto;
    }

    body.is_dark & {
      color: white;
    }
  }

  img {
    display: block;
  }
}
",
  ],
  "version": 3,
}
`;

exports[`"sourceMap" option should generate source maps with "false" value, but the "postcssOptions.map" has values: warnings 1`] = `Array []`;

exports[`"sourceMap" option should generate source maps with "true" value and the "devtool" option with "source-map" value: css 1`] = `
"a {
  color: black;
}

a {
  color: red;
}

a {
  color: green;
}

a {
  color: blue;
}

.class {
  -x-border-color: blue blue *;
  -x-color: * #fafafa;
}

.class-foo {
  -z-border-color: blue blue *;
  -z-color: * #fafafa;
}

.phone {
  &_title {
    width: 500px;

    @media (max-width: 500px) {
      width: auto;
    }

    body.is_dark & {
      color: white;
    }
  }

  img {
    display: block;
  }
}
"
`;

exports[`"sourceMap" option should generate source maps with "true" value and the "devtool" option with "source-map" value: errors 1`] = `Array []`;

exports[`"sourceMap" option should generate source maps with "true" value and the "devtool" option with "source-map" value: source map 1`] = `
Object {
  "mappings": "AAAA;EACE,YAAY;AACd;;AAEA;EACE,UAAU;AACZ;;AAEA;EACE,YAAY;AACd;;AAEA;EACE,WAAW;AACb;;AAEA;EACE,4BAA4B;EAC5B,mBAAmB;AACrB;;AAEA;EACE,4BAA4B;EAC5B,mBAAmB;AACrB;;AAEA;EACE;IACE,YAAY;;IAEZ;MACE,WAAW;IACb;;IAEA;MACE,YAAY;IACd;EACF;;EAEA;IACE,cAAc;EAChB;AACF",
  "names": Array [],
  "sourceRoot": "",
  "sources": Array [
    "css/style.css",
  ],
  "sourcesContent": Array [
    "a {
  color: black;
}

a {
  color: red;
}

a {
  color: green;
}

a {
  color: blue;
}

.class {
  -x-border-color: blue blue *;
  -x-color: * #fafafa;
}

.class-foo {
  -z-border-color: blue blue *;
  -z-color: * #fafafa;
}

.phone {
  &_title {
    width: 500px;

    @media (max-width: 500px) {
      width: auto;
    }

    body.is_dark & {
      color: white;
    }
  }

  img {
    display: block;
  }
}
",
  ],
  "version": 3,
}
`;

exports[`"sourceMap" option should generate source maps with "true" value and the "devtool" option with "source-map" value: warnings 1`] = `Array []`;

exports[`"sourceMap" option should generate source maps with "true" value and the "devtool" with "false" value: css 1`] = `
"a {
  color: black;
}

a {
  color: red;
}

a {
  color: green;
}

a {
  color: blue;
}

.class {
  -x-border-color: blue blue *;
  -x-color: * #fafafa;
}

.class-foo {
  -z-border-color: blue blue *;
  -z-color: * #fafafa;
}

.phone {
  &_title {
    width: 500px;

    @media (max-width: 500px) {
      width: auto;
    }

    body.is_dark & {
      color: white;
    }
  }

  img {
    display: block;
  }
}
"
`;

exports[`"sourceMap" option should generate source maps with "true" value and the "devtool" with "false" value: errors 1`] = `Array []`;

exports[`"sourceMap" option should generate source maps with "true" value and the "devtool" with "false" value: source map 1`] = `
Object {
  "mappings": "AAAA;EACE,YAAY;AACd;;AAEA;EACE,UAAU;AACZ;;AAEA;EACE,YAAY;AACd;;AAEA;EACE,WAAW;AACb;;AAEA;EACE,4BAA4B;EAC5B,mBAAmB;AACrB;;AAEA;EACE,4BAA4B;EAC5B,mBAAmB;AACrB;;AAEA;EACE;IACE,YAAY;;IAEZ;MACE,WAAW;IACb;;IAEA;MACE,YAAY;IACd;EACF;;EAEA;IACE,cAAc;EAChB;AACF",
  "names": Array [],
  "sourceRoot": "",
  "sources": Array [
    "css/style.css",
  ],
  "sourcesContent": Array [
    "a {
  color: black;
}

a {
  color: red;
}

a {
  color: green;
}

a {
  color: blue;
}

.class {
  -x-border-color: blue blue *;
  -x-color: * #fafafa;
}

.class-foo {
  -z-border-color: blue blue *;
  -z-color: * #fafafa;
}

.phone {
  &_title {
    width: 500px;

    @media (max-width: 500px) {
      width: auto;
    }

    body.is_dark & {
      color: white;
    }
  }

  img {
    display: block;
  }
}
",
  ],
  "version": 3,
}
`;

exports[`"sourceMap" option should generate source maps with "true" value and the "devtool" with "false" value: warnings 1`] = `Array []`;

exports[`"sourceMap" option should not generate source maps when value is not specified and the "devtool" option with "source-map" value: css 1`] = `
"a {
  color: black;
}

a {
  color: red;
}

a {
  color: green;
}

a {
  color: blue;
}

.class {
  -x-border-color: blue blue *;
  -x-color: * #fafafa;
}

.class-foo {
  -z-border-color: blue blue *;
  -z-color: * #fafafa;
}

.phone {
  &_title {
    width: 500px;

    @media (max-width: 500px) {
      width: auto;
    }

    body.is_dark & {
      color: white;
    }
  }

  img {
    display: block;
  }
}
"
`;

exports[`"sourceMap" option should not generate source maps when value is not specified and the "devtool" option with "source-map" value: errors 1`] = `Array []`;

exports[`"sourceMap" option should not generate source maps when value is not specified and the "devtool" option with "source-map" value: warnings 1`] = `Array []`;

exports[`"sourceMap" option should not generate source maps with "false" value and the "devtool" option with "false" value: css 1`] = `
"a {
  color: black;
}

a {
  color: red;
}

a {
  color: green;
}

a {
  color: blue;
}

.class {
  -x-border-color: blue blue *;
  -x-color: * #fafafa;
}

.class-foo {
  -z-border-color: blue blue *;
  -z-color: * #fafafa;
}

.phone {
  &_title {
    width: 500px;

    @media (max-width: 500px) {
      width: auto;
    }

    body.is_dark & {
      color: white;
    }
  }

  img {
    display: block;
  }
}
"
`;

exports[`"sourceMap" option should not generate source maps with "false" value and the "devtool" option with "false" value: errors 1`] = `Array []`;

exports[`"sourceMap" option should not generate source maps with "false" value and the "devtool" option with "false" value: warnings 1`] = `Array []`;

exports[`"sourceMap" option should not generate source maps with "false" value and the "devtool" option with "source-map" value: css 1`] = `
"a {
  color: black;
}

a {
  color: red;
}

a {
  color: green;
}

a {
  color: blue;
}

.class {
  -x-border-color: blue blue *;
  -x-color: * #fafafa;
}

.class-foo {
  -z-border-color: blue blue *;
  -z-color: * #fafafa;
}

.phone {
  &_title {
    width: 500px;

    @media (max-width: 500px) {
      width: auto;
    }

    body.is_dark & {
      color: white;
    }
  }

  img {
    display: block;
  }
}
"
`;

exports[`"sourceMap" option should not generate source maps with "false" value and the "devtool" option with "source-map" value: errors 1`] = `Array []`;

exports[`"sourceMap" option should not generate source maps with "false" value and the "devtool" option with "source-map" value: warnings 1`] = `Array []`;
